
Checking for TBDs...
--------------------

No TBDs found!


Success! No TBDs found.