
Checking for version conflicts...
---------------------------------

No version conflicts found.