Running build steps...

> ls -a
-------

.
..
.puprc
bootstrap.php
src

> echo "fake project, yo"
-------------------------

fake project, yo

Build complete.