Running build steps...

> ls -a
-------

.
..
.puprc
bootstrap.php
node_modules
other-file.php
package.json
src

> echo "fake project, yo"
-------------------------

fake project, yo

âœ“ Build complete.