Running build workflow steps...
Workflow complete.