Running build steps...

> ls -a
-------

.
..
.puprc
bootstrap.php
node_modules
other-file.php
package.json
src

> echo "NODE_AUTH_TOKEN=$NODE_AUTH_TOKEN"
-----------------------------------------

NODE_AUTH_TOKEN=123

> echo "BORK=$BORK"
-------------------

BORK=abc

âœ“ Build complete.