Running checks workflow steps...

> pup check:tbd --prefix-output
-------------------------------


[tbd] Checking for TBDs...
[tbd] --------------------

[tbd] No TBDs found!
[tbd]
[tbd]
[tbd] Success! No TBDs found.

[✓] pup check:tbd --prefix-output completed successfully.

> pup check:version-conflict --prefix-output
--------------------------------------------


[version-conflict] Checking for version conflicts...
[version-conflict] ---------------------------------

[version-conflict] No version conflicts found.

[✓] pup check:version-conflict --prefix-output completed successfully.

Workflow complete.