
Cleaning up...
--------------

✓ Removing zip dir...Complete.
✓ Removing build dir...Complete.
✓ Removing .pup-distignore...Complete.
Running clean workflow steps...
Workflow complete.