Cloning the /var/www/html/wp-content/plugins/pup/tests/_data/fake-project-git-repo repo into .pup-build...
âœ“ Clone complete.