
CLI Info
========

pup <version> from /home/matt/git/pup/pup
Using: PHP <whatever>

Working Directory
-----------------

/home/matt/git/pup/tests/_data/fake-project/

File info
---------

❌ .puprc - exists but could not be parsed: Syntax error
⚫ .distignore - does not exist
⚫ .distinclude - does not exist
⚫ .gitattributes - does not exist

Config
------

{
    "build": [
        "ls -a"
    ],
    "build_dev": [],
    "checks": {
        "tbd": {
            "fail_method": "error",
            "fail_method_dev": "warn",
            "skip_directories": "bin|build|vendor|node_modules|.git|.github|tests",
            "skip_files": ".min.css|.min.js|.map.js|.css|.png|.jpg|.jpeg|.svg|.gif|.ico",
            "dirs": [
                "src"
            ]
        },
        "version-conflict": {
            "fail_method": "error",
            "fail_method_dev": "warn"
        }
    },
    "clean": [],
    "paths": {
        "build_dir": ".pup-build",
        "changelog": null,
        "css": [],
        "js": [],
        "sync_files": [],
        "versions": [
            {
                "file": "bootstrap.php",
                "regex": "(define\\( +['\"]FAKE_PROJECT_VERSION['\"], +['\"])([^'\"]+)"
            },
            {
                "file": "bootstrap.php",
                "regex": "(Version: )(.+)"
            },
            {
                "file": "src\/Plugin.php",
                "regex": "(const VERSION = ['\"])([^'\"]+)"
            },
            {
                "file": "package.json",
                "regex": "(\"version\": \")([^\"]+)"
            }
        ],
        "views": [],
        "zip_dir": ".pup-zip"
    },
    "repo": null,
    "rsync_executable": "\/usr\/bin\/rsync",
    "zip_use_default_ignore": true,
    "zip_name": "fake-project"
}