
CLI Info
========

pup <version> from /home/matt/git/pup/pup
Using: PHP <whatever>

Working Directory
-----------------

/home/matt/git/pup/tests/_data/fake-project/

File info
---------

✅ .distinclude - exists
⚫ .distignore - does not exist
⚫ .gitattributes - does not exist
⚫ .puprc - does not exist

Config
------

repo: null
zip_name: null
zip_use_default_ignore: true
checks:
    tbd:
        fail_method: error
        fail_method_dev: warn
        skip_directories: bin|build|vendor|node_modules|.git|.github|tests
        skip_files: .min.css|.min.js|.map.js|.css|.png|.jpg|.jpeg|.svg|.gif|.ico
        dirs:
            - src
    version-conflict:
        fail_method: error
        fail_method_dev: warn
i18n_defaults:
    path: lang
    url: ''
    slug: ''
    textdomain: ''
    file_format: '%textdomain%-%wp_locale%.%format%'
    formats:
        - po
        - mo
    filter:
        minimum_percentage: 30
i18n: {  }
paths:
    build_dir: .pup-build
    sync_files: {  }
    versions: {  }
    zip_dir: .pup-zip
workflows:
    build: null
    build_dev: null
    checks:
        - 'pup check:tbd --prefix-output'
        - 'pup check:version-conflict --prefix-output'
    clean: null
    zip:
        - 'pup clone'
        - 'pup check'
        - 'pup build'
        - 'pup i18n'
        - 'pup package'
        - 'pup clean'
