.
..
.puprc
bootstrap.php
fake-project
other-file.php
src