.
..
.distignore
fake-project
other-file.php
package.json
src