.
..
.gitattributes
fake-project
node_modules
other-file.php
package.json
src