.
..
.distignore
.gitattributes
fake-project
package.json
src