.
..
bootstrap.php
fake-project
src.
..
OtherFileWithBadVersion.php
Plugin.php