Packaging zip...
* Updating version files...Complete.
* Synchronizing files to zip directory...Complete.
* Zipping...Complete.
Zip fake-project.1.0.0.zip created!