.
..
fake-project
node_modules.
..
a-script-i-need.js