Running bork workflow steps...

> echo "NODE_AUTH_TOKEN=$NODE_AUTH_TOKEN"
-----------------------------------------

NODE_AUTH_TOKEN=123

> echo "BORK=$BORK"
-------------------

BORK=abc

Workflow complete.