Running build_dev workflow steps...

> echo "fake project, yo"
-------------------------

fake project, yo

Workflow complete.