Running test-workflow workflow steps...

> /var/www/html/wp-content/plugins/pup/tests/_data/test-workflow-script.sh 'arg1' 'arg2' '--option-one=one' '--option-two=two'
------------------------------------------------------------------------------------------------------------------------------

Argument: arg1
Argument: arg2
Option: --option-one, Value: one
Option: --option-two, Value: two

Workflow complete.