Running build workflow steps...

> ls -a
-------

.
..
.puprc
bootstrap.php
other-file.php
package.json
src

[✓] ls -a completed successfully.

Workflow complete.
Running checks workflow steps...

> pup check:tbd --prefix-output
-------------------------------


[tbd] Checking for TBDs...
[tbd] --------------------

[tbd] No TBDs found!
[tbd]
[tbd]
[tbd] Success! No TBDs found.

[✓] pup check:tbd --prefix-output completed successfully.

> pup check:version-conflict --prefix-output
--------------------------------------------


[version-conflict] Checking for version conflicts...
[version-conflict] ---------------------------------

[version-conflict] No version conflicts found.

[✓] pup check:version-conflict --prefix-output completed successfully.

Workflow complete.

Packaging zip...
----------------

- Updating version files...
✓ Updating version files...Complete.
- Synchronizing files to zip directory...
✓ Synchronizing files to zip directory...Complete.
- Zipping...
✓ Zipping...Complete.

✓ Zip fake-project.1.0.0.1.zip created!


Cleaning up...
--------------

✓ Removing zip dir...Complete.
✓ Removing build dir...Complete.
✓ Removing .pup-distignore...Complete.