Running build steps...

> ls -a
-------

.
..
.puprc
bootstrap.php
node_modules
other-file.php
package.json
src

✓ Build complete.

Packaging zip...
----------------

- Updating version files...
✓ Updating version files...Complete.
- Synchronizing files to zip directory...
✓ Synchronizing files to zip directory...Complete.
- Zipping...
✓ Zipping...Complete.

✓ Zip fake-project.1.0.0.1.zip created!


Cleaning up...
--------------

✓ Removing zip dir...Complete.
✓ Removing build dir...Complete.